[03-Dec-2025 12:12:50 Asia/Kolkata] PHP Warning:  chr() expects parameter 1 to be int, string given in /home/u444388293/domains/sarsspl.com/public_html/Lead_Management/Loyaltician/clubfourpoints/Leadpdf/generatepdf/TCPDF-master/include/tcpdf_fonts.php on line 1671
[03-Dec-2025 12:12:50 Asia/Kolkata] PHP Notice:  Undefined variable: MembershipDetails_Level in /home/u444388293/domains/sarsspl.com/public_html/Lead_Management/Loyaltician/clubfourpoints/MemberCreation_Process.php on line 263
[03-Dec-2025 12:12:50 Asia/Kolkata] PHP Notice:  Undefined variable: MembershipDetails_Level in /home/u444388293/domains/sarsspl.com/public_html/Lead_Management/Loyaltician/clubfourpoints/MemberCreation_Process.php on line 263
[03-Dec-2025 12:12:50 Asia/Kolkata] PHP Notice:  Undefined variable: isfirst in /home/u444388293/domains/sarsspl.com/public_html/Lead_Management/Loyaltician/clubfourpoints/MemberCreation_Process.php on line 1272
[03-Dec-2025 12:12:50 Asia/Kolkata] PHP Notice:  Undefined variable: isfirst in /home/u444388293/domains/sarsspl.com/public_html/Lead_Management/Loyaltician/clubfourpoints/MemberCreation_Process.php on line 1272
[03-Dec-2025 12:12:50 Asia/Kolkata] PHP Notice:  Undefined variable: isfirst in /home/u444388293/domains/sarsspl.com/public_html/Lead_Management/Loyaltician/clubfourpoints/MemberCreation_Process.php on line 1272
[03-Dec-2025 12:12:50 Asia/Kolkata] PHP Notice:  Undefined variable: isfirst in /home/u444388293/domains/sarsspl.com/public_html/Lead_Management/Loyaltician/clubfourpoints/MemberCreation_Process.php on line 1272
[03-Dec-2025 12:12:50 Asia/Kolkata] PHP Notice:  Undefined variable: isfirst in /home/u444388293/domains/sarsspl.com/public_html/Lead_Management/Loyaltician/clubfourpoints/MemberCreation_Process.php on line 1272
[03-Dec-2025 12:12:50 Asia/Kolkata] PHP Notice:  Undefined variable: isfirst in /home/u444388293/domains/sarsspl.com/public_html/Lead_Management/Loyaltician/clubfourpoints/MemberCreation_Process.php on line 1272
[03-Dec-2025 12:12:50 Asia/Kolkata] PHP Notice:  Undefined variable: isfirst in /home/u444388293/domains/sarsspl.com/public_html/Lead_Management/Loyaltician/clubfourpoints/MemberCreation_Process.php on line 1272
[03-Dec-2025 12:12:50 Asia/Kolkata] PHP Notice:  Undefined variable: isfirst in /home/u444388293/domains/sarsspl.com/public_html/Lead_Management/Loyaltician/clubfourpoints/MemberCreation_Process.php on line 1272
[03-Dec-2025 12:12:50 Asia/Kolkata] PHP Notice:  Undefined variable: isfirst in /home/u444388293/domains/sarsspl.com/public_html/Lead_Management/Loyaltician/clubfourpoints/MemberCreation_Process.php on line 1272
[03-Dec-2025 12:12:50 Asia/Kolkata] PHP Notice:  Undefined variable: isfirst in /home/u444388293/domains/sarsspl.com/public_html/Lead_Management/Loyaltician/clubfourpoints/MemberCreation_Process.php on line 1272
[03-Dec-2025 12:12:50 Asia/Kolkata] PHP Notice:  Undefined variable: isfirst in /home/u444388293/domains/sarsspl.com/public_html/Lead_Management/Loyaltician/clubfourpoints/MemberCreation_Process.php on line 1272
[03-Dec-2025 12:12:50 Asia/Kolkata] PHP Notice:  Undefined variable: isfirst in /home/u444388293/domains/sarsspl.com/public_html/Lead_Management/Loyaltician/clubfourpoints/MemberCreation_Process.php on line 1272
[03-Dec-2025 12:12:50 Asia/Kolkata] PHP Notice:  Undefined variable: isfirst in /home/u444388293/domains/sarsspl.com/public_html/Lead_Management/Loyaltician/clubfourpoints/MemberCreation_Process.php on line 1272
[03-Dec-2025 12:12:50 Asia/Kolkata] PHP Notice:  Undefined variable: isfirst in /home/u444388293/domains/sarsspl.com/public_html/Lead_Management/Loyaltician/clubfourpoints/MemberCreation_Process.php on line 1272
[03-Dec-2025 12:12:50 Asia/Kolkata] PHP Notice:  Undefined variable: isfirst in /home/u444388293/domains/sarsspl.com/public_html/Lead_Management/Loyaltician/clubfourpoints/MemberCreation_Process.php on line 1272
[03-Dec-2025 12:12:50 Asia/Kolkata] PHP Notice:  Undefined variable: isfirst in /home/u444388293/domains/sarsspl.com/public_html/Lead_Management/Loyaltician/clubfourpoints/MemberCreation_Process.php on line 1272
[03-Dec-2025 12:12:50 Asia/Kolkata] PHP Notice:  Undefined variable: isfirst in /home/u444388293/domains/sarsspl.com/public_html/Lead_Management/Loyaltician/clubfourpoints/MemberCreation_Process.php on line 1272
[03-Dec-2025 12:12:50 Asia/Kolkata] PHP Notice:  Undefined variable: isfirst in /home/u444388293/domains/sarsspl.com/public_html/Lead_Management/Loyaltician/clubfourpoints/MemberCreation_Process.php on line 1272
[03-Dec-2025 12:12:50 Asia/Kolkata] PHP Notice:  Undefined variable: isfirst in /home/u444388293/domains/sarsspl.com/public_html/Lead_Management/Loyaltician/clubfourpoints/MemberCreation_Process.php on line 1272
[03-Dec-2025 12:12:50 Asia/Kolkata] PHP Notice:  Undefined variable: isfirst in /home/u444388293/domains/sarsspl.com/public_html/Lead_Management/Loyaltician/clubfourpoints/MemberCreation_Process.php on line 1272
[03-Dec-2025 12:12:50 Asia/Kolkata] PHP Notice:  Undefined variable: isfirst in /home/u444388293/domains/sarsspl.com/public_html/Lead_Management/Loyaltician/clubfourpoints/MemberCreation_Process.php on line 1272
[03-Dec-2025 12:12:50 Asia/Kolkata] PHP Notice:  Undefined variable: isfirst in /home/u444388293/domains/sarsspl.com/public_html/Lead_Management/Loyaltician/clubfourpoints/MemberCreation_Process.php on line 1272
[03-Dec-2025 12:12:50 Asia/Kolkata] PHP Notice:  Undefined variable: isfirst in /home/u444388293/domains/sarsspl.com/public_html/Lead_Management/Loyaltician/clubfourpoints/MemberCreation_Process.php on line 1272
[03-Dec-2025 12:12:50 Asia/Kolkata] PHP Notice:  Undefined variable: isfirst in /home/u444388293/domains/sarsspl.com/public_html/Lead_Management/Loyaltician/clubfourpoints/MemberCreation_Process.php on line 1272
[03-Dec-2025 12:12:50 Asia/Kolkata] PHP Notice:  Undefined variable: isfirst in /home/u444388293/domains/sarsspl.com/public_html/Lead_Management/Loyaltician/clubfourpoints/MemberCreation_Process.php on line 1272
[03-Dec-2025 12:12:50 Asia/Kolkata] PHP Notice:  Undefined variable: isfirst in /home/u444388293/domains/sarsspl.com/public_html/Lead_Management/Loyaltician/clubfourpoints/MemberCreation_Process.php on line 1272
[03-Dec-2025 12:12:50 Asia/Kolkata] PHP Notice:  Undefined variable: isfirst in /home/u444388293/domains/sarsspl.com/public_html/Lead_Management/Loyaltician/clubfourpoints/MemberCreation_Process.php on line 1272
[03-Dec-2025 12:12:50 Asia/Kolkata] PHP Notice:  Undefined variable: isfirst in /home/u444388293/domains/sarsspl.com/public_html/Lead_Management/Loyaltician/clubfourpoints/MemberCreation_Process.php on line 1272
[03-Dec-2025 12:12:50 Asia/Kolkata] PHP Notice:  Undefined variable: isfirst in /home/u444388293/domains/sarsspl.com/public_html/Lead_Management/Loyaltician/clubfourpoints/MemberCreation_Process.php on line 1272
[03-Dec-2025 12:12:50 Asia/Kolkata] PHP Notice:  Undefined variable: isfirst in /home/u444388293/domains/sarsspl.com/public_html/Lead_Management/Loyaltician/clubfourpoints/MemberCreation_Process.php on line 1272
[03-Dec-2025 12:12:50 Asia/Kolkata] PHP Notice:  Undefined variable: isfirst in /home/u444388293/domains/sarsspl.com/public_html/Lead_Management/Loyaltician/clubfourpoints/MemberCreation_Process.php on line 1272
[03-Dec-2025 12:12:50 Asia/Kolkata] PHP Notice:  Undefined variable: isfirst in /home/u444388293/domains/sarsspl.com/public_html/Lead_Management/Loyaltician/clubfourpoints/MemberCreation_Process.php on line 1272
[03-Dec-2025 12:12:50 Asia/Kolkata] PHP Notice:  Undefined variable: isfirst in /home/u444388293/domains/sarsspl.com/public_html/Lead_Management/Loyaltician/clubfourpoints/MemberCreation_Process.php on line 1272
[03-Dec-2025 12:12:50 Asia/Kolkata] PHP Notice:  Undefined variable: isfirst in /home/u444388293/domains/sarsspl.com/public_html/Lead_Management/Loyaltician/clubfourpoints/MemberCreation_Process.php on line 1272
[03-Dec-2025 12:12:50 Asia/Kolkata] PHP Notice:  Undefined variable: isfirst in /home/u444388293/domains/sarsspl.com/public_html/Lead_Management/Loyaltician/clubfourpoints/MemberCreation_Process.php on line 1272
[03-Dec-2025 12:12:50 Asia/Kolkata] PHP Notice:  Undefined variable: isfirst in /home/u444388293/domains/sarsspl.com/public_html/Lead_Management/Loyaltician/clubfourpoints/MemberCreation_Process.php on line 1272
[03-Dec-2025 12:12:50 Asia/Kolkata] PHP Notice:  Undefined variable: htmtab1_body in /home/u444388293/domains/sarsspl.com/public_html/Lead_Management/Loyaltician/clubfourpoints/MemberCreation_Process.php on line 1571
[03-Dec-2025 12:12:50 Asia/Kolkata] PHP Notice:  Undefined variable: tbl_footer in /home/u444388293/domains/sarsspl.com/public_html/Lead_Management/Loyaltician/clubfourpoints/MemberCreation_Process.php on line 1571
[03-Dec-2025 12:14:50 Asia/Kolkata] PHP Notice:  Undefined variable: message1 in /home/u444388293/domains/sarsspl.com/public_html/Lead_Management/Loyaltician/clubfourpoints/MemberCreation_Process.php on line 2242
[03-Dec-2025 12:16:51 Asia/Kolkata] PHP Warning:  chr() expects parameter 1 to be int, string given in /home/u444388293/domains/sarsspl.com/public_html/Lead_Management/Loyaltician/clubfourpoints/Leadpdf/generatepdf/TCPDF-master/include/tcpdf_fonts.php on line 1671
[03-Dec-2025 12:16:51 Asia/Kolkata] PHP Notice:  Undefined variable: MembershipDetails_Level in /home/u444388293/domains/sarsspl.com/public_html/Lead_Management/Loyaltician/clubfourpoints/MemberCreation_Process.php on line 263
[03-Dec-2025 12:16:51 Asia/Kolkata] PHP Notice:  Undefined variable: MembershipDetails_Level in /home/u444388293/domains/sarsspl.com/public_html/Lead_Management/Loyaltician/clubfourpoints/MemberCreation_Process.php on line 263
[03-Dec-2025 12:16:51 Asia/Kolkata] PHP Notice:  Undefined variable: isfirst in /home/u444388293/domains/sarsspl.com/public_html/Lead_Management/Loyaltician/clubfourpoints/MemberCreation_Process.php on line 1272
[03-Dec-2025 12:16:51 Asia/Kolkata] PHP Notice:  Undefined variable: isfirst in /home/u444388293/domains/sarsspl.com/public_html/Lead_Management/Loyaltician/clubfourpoints/MemberCreation_Process.php on line 1272
[03-Dec-2025 12:16:51 Asia/Kolkata] PHP Notice:  Undefined variable: isfirst in /home/u444388293/domains/sarsspl.com/public_html/Lead_Management/Loyaltician/clubfourpoints/MemberCreation_Process.php on line 1272
[03-Dec-2025 12:16:51 Asia/Kolkata] PHP Notice:  Undefined variable: isfirst in /home/u444388293/domains/sarsspl.com/public_html/Lead_Management/Loyaltician/clubfourpoints/MemberCreation_Process.php on line 1272
[03-Dec-2025 12:16:51 Asia/Kolkata] PHP Notice:  Undefined variable: isfirst in /home/u444388293/domains/sarsspl.com/public_html/Lead_Management/Loyaltician/clubfourpoints/MemberCreation_Process.php on line 1272
[03-Dec-2025 12:16:51 Asia/Kolkata] PHP Notice:  Undefined variable: isfirst in /home/u444388293/domains/sarsspl.com/public_html/Lead_Management/Loyaltician/clubfourpoints/MemberCreation_Process.php on line 1272
[03-Dec-2025 12:16:51 Asia/Kolkata] PHP Notice:  Undefined variable: isfirst in /home/u444388293/domains/sarsspl.com/public_html/Lead_Management/Loyaltician/clubfourpoints/MemberCreation_Process.php on line 1272
[03-Dec-2025 12:16:51 Asia/Kolkata] PHP Notice:  Undefined variable: isfirst in /home/u444388293/domains/sarsspl.com/public_html/Lead_Management/Loyaltician/clubfourpoints/MemberCreation_Process.php on line 1272
[03-Dec-2025 12:16:51 Asia/Kolkata] PHP Notice:  Undefined variable: isfirst in /home/u444388293/domains/sarsspl.com/public_html/Lead_Management/Loyaltician/clubfourpoints/MemberCreation_Process.php on line 1272
[03-Dec-2025 12:16:51 Asia/Kolkata] PHP Notice:  Undefined variable: isfirst in /home/u444388293/domains/sarsspl.com/public_html/Lead_Management/Loyaltician/clubfourpoints/MemberCreation_Process.php on line 1272
[03-Dec-2025 12:16:51 Asia/Kolkata] PHP Notice:  Undefined variable: isfirst in /home/u444388293/domains/sarsspl.com/public_html/Lead_Management/Loyaltician/clubfourpoints/MemberCreation_Process.php on line 1272
[03-Dec-2025 12:16:51 Asia/Kolkata] PHP Notice:  Undefined variable: isfirst in /home/u444388293/domains/sarsspl.com/public_html/Lead_Management/Loyaltician/clubfourpoints/MemberCreation_Process.php on line 1272
[03-Dec-2025 12:16:51 Asia/Kolkata] PHP Notice:  Undefined variable: isfirst in /home/u444388293/domains/sarsspl.com/public_html/Lead_Management/Loyaltician/clubfourpoints/MemberCreation_Process.php on line 1272
[03-Dec-2025 12:16:51 Asia/Kolkata] PHP Notice:  Undefined variable: isfirst in /home/u444388293/domains/sarsspl.com/public_html/Lead_Management/Loyaltician/clubfourpoints/MemberCreation_Process.php on line 1272
[03-Dec-2025 12:16:51 Asia/Kolkata] PHP Notice:  Undefined variable: isfirst in /home/u444388293/domains/sarsspl.com/public_html/Lead_Management/Loyaltician/clubfourpoints/MemberCreation_Process.php on line 1272
[03-Dec-2025 12:16:51 Asia/Kolkata] PHP Notice:  Undefined variable: isfirst in /home/u444388293/domains/sarsspl.com/public_html/Lead_Management/Loyaltician/clubfourpoints/MemberCreation_Process.php on line 1272
[03-Dec-2025 12:16:51 Asia/Kolkata] PHP Notice:  Undefined variable: isfirst in /home/u444388293/domains/sarsspl.com/public_html/Lead_Management/Loyaltician/clubfourpoints/MemberCreation_Process.php on line 1272
[03-Dec-2025 12:16:51 Asia/Kolkata] PHP Notice:  Undefined variable: isfirst in /home/u444388293/domains/sarsspl.com/public_html/Lead_Management/Loyaltician/clubfourpoints/MemberCreation_Process.php on line 1272
[03-Dec-2025 12:16:51 Asia/Kolkata] PHP Notice:  Undefined variable: isfirst in /home/u444388293/domains/sarsspl.com/public_html/Lead_Management/Loyaltician/clubfourpoints/MemberCreation_Process.php on line 1272
[03-Dec-2025 12:16:51 Asia/Kolkata] PHP Notice:  Undefined variable: isfirst in /home/u444388293/domains/sarsspl.com/public_html/Lead_Management/Loyaltician/clubfourpoints/MemberCreation_Process.php on line 1272
[03-Dec-2025 12:16:51 Asia/Kolkata] PHP Notice:  Undefined variable: isfirst in /home/u444388293/domains/sarsspl.com/public_html/Lead_Management/Loyaltician/clubfourpoints/MemberCreation_Process.php on line 1272
[03-Dec-2025 12:16:51 Asia/Kolkata] PHP Notice:  Undefined variable: isfirst in /home/u444388293/domains/sarsspl.com/public_html/Lead_Management/Loyaltician/clubfourpoints/MemberCreation_Process.php on line 1272
[03-Dec-2025 12:16:51 Asia/Kolkata] PHP Notice:  Undefined variable: isfirst in /home/u444388293/domains/sarsspl.com/public_html/Lead_Management/Loyaltician/clubfourpoints/MemberCreation_Process.php on line 1272
[03-Dec-2025 12:16:51 Asia/Kolkata] PHP Notice:  Undefined variable: isfirst in /home/u444388293/domains/sarsspl.com/public_html/Lead_Management/Loyaltician/clubfourpoints/MemberCreation_Process.php on line 1272
[03-Dec-2025 12:16:51 Asia/Kolkata] PHP Notice:  Undefined variable: isfirst in /home/u444388293/domains/sarsspl.com/public_html/Lead_Management/Loyaltician/clubfourpoints/MemberCreation_Process.php on line 1272
[03-Dec-2025 12:16:51 Asia/Kolkata] PHP Notice:  Undefined variable: isfirst in /home/u444388293/domains/sarsspl.com/public_html/Lead_Management/Loyaltician/clubfourpoints/MemberCreation_Process.php on line 1272
[03-Dec-2025 12:16:51 Asia/Kolkata] PHP Notice:  Undefined variable: isfirst in /home/u444388293/domains/sarsspl.com/public_html/Lead_Management/Loyaltician/clubfourpoints/MemberCreation_Process.php on line 1272
[03-Dec-2025 12:16:51 Asia/Kolkata] PHP Notice:  Undefined variable: isfirst in /home/u444388293/domains/sarsspl.com/public_html/Lead_Management/Loyaltician/clubfourpoints/MemberCreation_Process.php on line 1272
[03-Dec-2025 12:16:51 Asia/Kolkata] PHP Notice:  Undefined variable: isfirst in /home/u444388293/domains/sarsspl.com/public_html/Lead_Management/Loyaltician/clubfourpoints/MemberCreation_Process.php on line 1272
[03-Dec-2025 12:16:51 Asia/Kolkata] PHP Notice:  Undefined variable: isfirst in /home/u444388293/domains/sarsspl.com/public_html/Lead_Management/Loyaltician/clubfourpoints/MemberCreation_Process.php on line 1272
[03-Dec-2025 12:16:51 Asia/Kolkata] PHP Notice:  Undefined variable: isfirst in /home/u444388293/domains/sarsspl.com/public_html/Lead_Management/Loyaltician/clubfourpoints/MemberCreation_Process.php on line 1272
[03-Dec-2025 12:16:51 Asia/Kolkata] PHP Notice:  Undefined variable: isfirst in /home/u444388293/domains/sarsspl.com/public_html/Lead_Management/Loyaltician/clubfourpoints/MemberCreation_Process.php on line 1272
[03-Dec-2025 12:16:51 Asia/Kolkata] PHP Notice:  Undefined variable: isfirst in /home/u444388293/domains/sarsspl.com/public_html/Lead_Management/Loyaltician/clubfourpoints/MemberCreation_Process.php on line 1272
[03-Dec-2025 12:16:51 Asia/Kolkata] PHP Notice:  Undefined variable: isfirst in /home/u444388293/domains/sarsspl.com/public_html/Lead_Management/Loyaltician/clubfourpoints/MemberCreation_Process.php on line 1272
[03-Dec-2025 12:16:51 Asia/Kolkata] PHP Notice:  Undefined variable: isfirst in /home/u444388293/domains/sarsspl.com/public_html/Lead_Management/Loyaltician/clubfourpoints/MemberCreation_Process.php on line 1272
[03-Dec-2025 12:16:51 Asia/Kolkata] PHP Notice:  Undefined variable: isfirst in /home/u444388293/domains/sarsspl.com/public_html/Lead_Management/Loyaltician/clubfourpoints/MemberCreation_Process.php on line 1272
[03-Dec-2025 12:16:51 Asia/Kolkata] PHP Notice:  Undefined variable: htmtab1_body in /home/u444388293/domains/sarsspl.com/public_html/Lead_Management/Loyaltician/clubfourpoints/MemberCreation_Process.php on line 1571
[03-Dec-2025 12:16:51 Asia/Kolkata] PHP Notice:  Undefined variable: tbl_footer in /home/u444388293/domains/sarsspl.com/public_html/Lead_Management/Loyaltician/clubfourpoints/MemberCreation_Process.php on line 1571
[03-Dec-2025 12:17:18 Asia/Kolkata] PHP Warning:  chr() expects parameter 1 to be int, string given in /home/u444388293/domains/sarsspl.com/public_html/Lead_Management/Loyaltician/clubfourpoints/Leadpdf/generatepdf/TCPDF-master/include/tcpdf_fonts.php on line 1671
[03-Dec-2025 12:17:18 Asia/Kolkata] PHP Notice:  Undefined variable: MembershipDetails_Level in /home/u444388293/domains/sarsspl.com/public_html/Lead_Management/Loyaltician/clubfourpoints/MemberCreation_Process.php on line 263
[03-Dec-2025 12:17:18 Asia/Kolkata] PHP Notice:  Undefined variable: MembershipDetails_Level in /home/u444388293/domains/sarsspl.com/public_html/Lead_Management/Loyaltician/clubfourpoints/MemberCreation_Process.php on line 263
[03-Dec-2025 12:17:18 Asia/Kolkata] PHP Notice:  Undefined variable: isfirst in /home/u444388293/domains/sarsspl.com/public_html/Lead_Management/Loyaltician/clubfourpoints/MemberCreation_Process.php on line 1272
[03-Dec-2025 12:17:18 Asia/Kolkata] PHP Notice:  Undefined variable: isfirst in /home/u444388293/domains/sarsspl.com/public_html/Lead_Management/Loyaltician/clubfourpoints/MemberCreation_Process.php on line 1272
[03-Dec-2025 12:17:18 Asia/Kolkata] PHP Notice:  Undefined variable: isfirst in /home/u444388293/domains/sarsspl.com/public_html/Lead_Management/Loyaltician/clubfourpoints/MemberCreation_Process.php on line 1272
[03-Dec-2025 12:17:18 Asia/Kolkata] PHP Notice:  Undefined variable: isfirst in /home/u444388293/domains/sarsspl.com/public_html/Lead_Management/Loyaltician/clubfourpoints/MemberCreation_Process.php on line 1272
[03-Dec-2025 12:17:18 Asia/Kolkata] PHP Notice:  Undefined variable: isfirst in /home/u444388293/domains/sarsspl.com/public_html/Lead_Management/Loyaltician/clubfourpoints/MemberCreation_Process.php on line 1272
[03-Dec-2025 12:17:18 Asia/Kolkata] PHP Notice:  Undefined variable: isfirst in /home/u444388293/domains/sarsspl.com/public_html/Lead_Management/Loyaltician/clubfourpoints/MemberCreation_Process.php on line 1272
[03-Dec-2025 12:17:18 Asia/Kolkata] PHP Notice:  Undefined variable: isfirst in /home/u444388293/domains/sarsspl.com/public_html/Lead_Management/Loyaltician/clubfourpoints/MemberCreation_Process.php on line 1272
[03-Dec-2025 12:17:18 Asia/Kolkata] PHP Notice:  Undefined variable: isfirst in /home/u444388293/domains/sarsspl.com/public_html/Lead_Management/Loyaltician/clubfourpoints/MemberCreation_Process.php on line 1272
[03-Dec-2025 12:17:18 Asia/Kolkata] PHP Notice:  Undefined variable: isfirst in /home/u444388293/domains/sarsspl.com/public_html/Lead_Management/Loyaltician/clubfourpoints/MemberCreation_Process.php on line 1272
[03-Dec-2025 12:17:18 Asia/Kolkata] PHP Notice:  Undefined variable: isfirst in /home/u444388293/domains/sarsspl.com/public_html/Lead_Management/Loyaltician/clubfourpoints/MemberCreation_Process.php on line 1272
[03-Dec-2025 12:17:18 Asia/Kolkata] PHP Notice:  Undefined variable: isfirst in /home/u444388293/domains/sarsspl.com/public_html/Lead_Management/Loyaltician/clubfourpoints/MemberCreation_Process.php on line 1272
[03-Dec-2025 12:17:18 Asia/Kolkata] PHP Notice:  Undefined variable: isfirst in /home/u444388293/domains/sarsspl.com/public_html/Lead_Management/Loyaltician/clubfourpoints/MemberCreation_Process.php on line 1272
[03-Dec-2025 12:17:18 Asia/Kolkata] PHP Notice:  Undefined variable: isfirst in /home/u444388293/domains/sarsspl.com/public_html/Lead_Management/Loyaltician/clubfourpoints/MemberCreation_Process.php on line 1272
[03-Dec-2025 12:17:18 Asia/Kolkata] PHP Notice:  Undefined variable: isfirst in /home/u444388293/domains/sarsspl.com/public_html/Lead_Management/Loyaltician/clubfourpoints/MemberCreation_Process.php on line 1272
[03-Dec-2025 12:17:18 Asia/Kolkata] PHP Notice:  Undefined variable: isfirst in /home/u444388293/domains/sarsspl.com/public_html/Lead_Management/Loyaltician/clubfourpoints/MemberCreation_Process.php on line 1272
[03-Dec-2025 12:17:18 Asia/Kolkata] PHP Notice:  Undefined variable: isfirst in /home/u444388293/domains/sarsspl.com/public_html/Lead_Management/Loyaltician/clubfourpoints/MemberCreation_Process.php on line 1272
[03-Dec-2025 12:17:18 Asia/Kolkata] PHP Notice:  Undefined variable: isfirst in /home/u444388293/domains/sarsspl.com/public_html/Lead_Management/Loyaltician/clubfourpoints/MemberCreation_Process.php on line 1272
[03-Dec-2025 12:17:18 Asia/Kolkata] PHP Notice:  Undefined variable: isfirst in /home/u444388293/domains/sarsspl.com/public_html/Lead_Management/Loyaltician/clubfourpoints/MemberCreation_Process.php on line 1272
[03-Dec-2025 12:17:18 Asia/Kolkata] PHP Notice:  Undefined variable: isfirst in /home/u444388293/domains/sarsspl.com/public_html/Lead_Management/Loyaltician/clubfourpoints/MemberCreation_Process.php on line 1272
[03-Dec-2025 12:17:18 Asia/Kolkata] PHP Notice:  Undefined variable: isfirst in /home/u444388293/domains/sarsspl.com/public_html/Lead_Management/Loyaltician/clubfourpoints/MemberCreation_Process.php on line 1272
[03-Dec-2025 12:17:18 Asia/Kolkata] PHP Notice:  Undefined variable: isfirst in /home/u444388293/domains/sarsspl.com/public_html/Lead_Management/Loyaltician/clubfourpoints/MemberCreation_Process.php on line 1272
[03-Dec-2025 12:17:18 Asia/Kolkata] PHP Notice:  Undefined variable: isfirst in /home/u444388293/domains/sarsspl.com/public_html/Lead_Management/Loyaltician/clubfourpoints/MemberCreation_Process.php on line 1272
[03-Dec-2025 12:17:18 Asia/Kolkata] PHP Notice:  Undefined variable: isfirst in /home/u444388293/domains/sarsspl.com/public_html/Lead_Management/Loyaltician/clubfourpoints/MemberCreation_Process.php on line 1272
[03-Dec-2025 12:17:18 Asia/Kolkata] PHP Notice:  Undefined variable: isfirst in /home/u444388293/domains/sarsspl.com/public_html/Lead_Management/Loyaltician/clubfourpoints/MemberCreation_Process.php on line 1272
[03-Dec-2025 12:17:18 Asia/Kolkata] PHP Notice:  Undefined variable: isfirst in /home/u444388293/domains/sarsspl.com/public_html/Lead_Management/Loyaltician/clubfourpoints/MemberCreation_Process.php on line 1272
[03-Dec-2025 12:17:18 Asia/Kolkata] PHP Notice:  Undefined variable: isfirst in /home/u444388293/domains/sarsspl.com/public_html/Lead_Management/Loyaltician/clubfourpoints/MemberCreation_Process.php on line 1272
[03-Dec-2025 12:17:18 Asia/Kolkata] PHP Notice:  Undefined variable: isfirst in /home/u444388293/domains/sarsspl.com/public_html/Lead_Management/Loyaltician/clubfourpoints/MemberCreation_Process.php on line 1272
[03-Dec-2025 12:17:18 Asia/Kolkata] PHP Notice:  Undefined variable: isfirst in /home/u444388293/domains/sarsspl.com/public_html/Lead_Management/Loyaltician/clubfourpoints/MemberCreation_Process.php on line 1272
[03-Dec-2025 12:17:18 Asia/Kolkata] PHP Notice:  Undefined variable: isfirst in /home/u444388293/domains/sarsspl.com/public_html/Lead_Management/Loyaltician/clubfourpoints/MemberCreation_Process.php on line 1272
[03-Dec-2025 12:17:18 Asia/Kolkata] PHP Notice:  Undefined variable: isfirst in /home/u444388293/domains/sarsspl.com/public_html/Lead_Management/Loyaltician/clubfourpoints/MemberCreation_Process.php on line 1272
[03-Dec-2025 12:17:18 Asia/Kolkata] PHP Notice:  Undefined variable: isfirst in /home/u444388293/domains/sarsspl.com/public_html/Lead_Management/Loyaltician/clubfourpoints/MemberCreation_Process.php on line 1272
[03-Dec-2025 12:17:18 Asia/Kolkata] PHP Notice:  Undefined variable: isfirst in /home/u444388293/domains/sarsspl.com/public_html/Lead_Management/Loyaltician/clubfourpoints/MemberCreation_Process.php on line 1272
[03-Dec-2025 12:17:18 Asia/Kolkata] PHP Notice:  Undefined variable: isfirst in /home/u444388293/domains/sarsspl.com/public_html/Lead_Management/Loyaltician/clubfourpoints/MemberCreation_Process.php on line 1272
[03-Dec-2025 12:17:18 Asia/Kolkata] PHP Notice:  Undefined variable: isfirst in /home/u444388293/domains/sarsspl.com/public_html/Lead_Management/Loyaltician/clubfourpoints/MemberCreation_Process.php on line 1272
[03-Dec-2025 12:17:18 Asia/Kolkata] PHP Notice:  Undefined variable: isfirst in /home/u444388293/domains/sarsspl.com/public_html/Lead_Management/Loyaltician/clubfourpoints/MemberCreation_Process.php on line 1272
[03-Dec-2025 12:17:18 Asia/Kolkata] PHP Notice:  Undefined variable: isfirst in /home/u444388293/domains/sarsspl.com/public_html/Lead_Management/Loyaltician/clubfourpoints/MemberCreation_Process.php on line 1272
[03-Dec-2025 12:17:18 Asia/Kolkata] PHP Notice:  Undefined variable: htmtab1_body in /home/u444388293/domains/sarsspl.com/public_html/Lead_Management/Loyaltician/clubfourpoints/MemberCreation_Process.php on line 1571
[03-Dec-2025 12:17:18 Asia/Kolkata] PHP Notice:  Undefined variable: tbl_footer in /home/u444388293/domains/sarsspl.com/public_html/Lead_Management/Loyaltician/clubfourpoints/MemberCreation_Process.php on line 1571
[03-Dec-2025 12:19:19 Asia/Kolkata] PHP Notice:  Undefined variable: message1 in /home/u444388293/domains/sarsspl.com/public_html/Lead_Management/Loyaltician/clubfourpoints/MemberCreation_Process.php on line 2242
[03-Dec-2025 12:19:25 Asia/Kolkata] PHP Warning:  chr() expects parameter 1 to be int, string given in /home/u444388293/domains/sarsspl.com/public_html/Lead_Management/Loyaltician/clubfourpoints/Leadpdf/generatepdf/TCPDF-master/include/tcpdf_fonts.php on line 1671
[03-Dec-2025 12:19:25 Asia/Kolkata] PHP Notice:  Undefined variable: MembershipDetails_Level in /home/u444388293/domains/sarsspl.com/public_html/Lead_Management/Loyaltician/clubfourpoints/MemberCreation_Process.php on line 263
[03-Dec-2025 12:19:25 Asia/Kolkata] PHP Notice:  Undefined variable: MembershipDetails_Level in /home/u444388293/domains/sarsspl.com/public_html/Lead_Management/Loyaltician/clubfourpoints/MemberCreation_Process.php on line 263
[03-Dec-2025 12:19:25 Asia/Kolkata] PHP Notice:  Undefined variable: isfirst in /home/u444388293/domains/sarsspl.com/public_html/Lead_Management/Loyaltician/clubfourpoints/MemberCreation_Process.php on line 1272
[03-Dec-2025 12:19:25 Asia/Kolkata] PHP Notice:  Undefined variable: isfirst in /home/u444388293/domains/sarsspl.com/public_html/Lead_Management/Loyaltician/clubfourpoints/MemberCreation_Process.php on line 1272
[03-Dec-2025 12:19:25 Asia/Kolkata] PHP Notice:  Undefined variable: isfirst in /home/u444388293/domains/sarsspl.com/public_html/Lead_Management/Loyaltician/clubfourpoints/MemberCreation_Process.php on line 1272
[03-Dec-2025 12:19:25 Asia/Kolkata] PHP Notice:  Undefined variable: isfirst in /home/u444388293/domains/sarsspl.com/public_html/Lead_Management/Loyaltician/clubfourpoints/MemberCreation_Process.php on line 1272
[03-Dec-2025 12:19:25 Asia/Kolkata] PHP Notice:  Undefined variable: isfirst in /home/u444388293/domains/sarsspl.com/public_html/Lead_Management/Loyaltician/clubfourpoints/MemberCreation_Process.php on line 1272
[03-Dec-2025 12:19:25 Asia/Kolkata] PHP Notice:  Undefined variable: isfirst in /home/u444388293/domains/sarsspl.com/public_html/Lead_Management/Loyaltician/clubfourpoints/MemberCreation_Process.php on line 1272
[03-Dec-2025 12:19:25 Asia/Kolkata] PHP Notice:  Undefined variable: isfirst in /home/u444388293/domains/sarsspl.com/public_html/Lead_Management/Loyaltician/clubfourpoints/MemberCreation_Process.php on line 1272
[03-Dec-2025 12:19:25 Asia/Kolkata] PHP Notice:  Undefined variable: isfirst in /home/u444388293/domains/sarsspl.com/public_html/Lead_Management/Loyaltician/clubfourpoints/MemberCreation_Process.php on line 1272
[03-Dec-2025 12:19:25 Asia/Kolkata] PHP Notice:  Undefined variable: isfirst in /home/u444388293/domains/sarsspl.com/public_html/Lead_Management/Loyaltician/clubfourpoints/MemberCreation_Process.php on line 1272
[03-Dec-2025 12:19:25 Asia/Kolkata] PHP Notice:  Undefined variable: isfirst in /home/u444388293/domains/sarsspl.com/public_html/Lead_Management/Loyaltician/clubfourpoints/MemberCreation_Process.php on line 1272
[03-Dec-2025 12:19:25 Asia/Kolkata] PHP Notice:  Undefined variable: isfirst in /home/u444388293/domains/sarsspl.com/public_html/Lead_Management/Loyaltician/clubfourpoints/MemberCreation_Process.php on line 1272
[03-Dec-2025 12:19:25 Asia/Kolkata] PHP Notice:  Undefined variable: isfirst in /home/u444388293/domains/sarsspl.com/public_html/Lead_Management/Loyaltician/clubfourpoints/MemberCreation_Process.php on line 1272
[03-Dec-2025 12:19:25 Asia/Kolkata] PHP Notice:  Undefined variable: isfirst in /home/u444388293/domains/sarsspl.com/public_html/Lead_Management/Loyaltician/clubfourpoints/MemberCreation_Process.php on line 1272
[03-Dec-2025 12:19:25 Asia/Kolkata] PHP Notice:  Undefined variable: isfirst in /home/u444388293/domains/sarsspl.com/public_html/Lead_Management/Loyaltician/clubfourpoints/MemberCreation_Process.php on line 1272
[03-Dec-2025 12:19:25 Asia/Kolkata] PHP Notice:  Undefined variable: isfirst in /home/u444388293/domains/sarsspl.com/public_html/Lead_Management/Loyaltician/clubfourpoints/MemberCreation_Process.php on line 1272
[03-Dec-2025 12:19:25 Asia/Kolkata] PHP Notice:  Undefined variable: isfirst in /home/u444388293/domains/sarsspl.com/public_html/Lead_Management/Loyaltician/clubfourpoints/MemberCreation_Process.php on line 1272
[03-Dec-2025 12:19:25 Asia/Kolkata] PHP Notice:  Undefined variable: isfirst in /home/u444388293/domains/sarsspl.com/public_html/Lead_Management/Loyaltician/clubfourpoints/MemberCreation_Process.php on line 1272
[03-Dec-2025 12:19:25 Asia/Kolkata] PHP Notice:  Undefined variable: isfirst in /home/u444388293/domains/sarsspl.com/public_html/Lead_Management/Loyaltician/clubfourpoints/MemberCreation_Process.php on line 1272
[03-Dec-2025 12:19:25 Asia/Kolkata] PHP Notice:  Undefined variable: isfirst in /home/u444388293/domains/sarsspl.com/public_html/Lead_Management/Loyaltician/clubfourpoints/MemberCreation_Process.php on line 1272
[03-Dec-2025 12:19:25 Asia/Kolkata] PHP Notice:  Undefined variable: isfirst in /home/u444388293/domains/sarsspl.com/public_html/Lead_Management/Loyaltician/clubfourpoints/MemberCreation_Process.php on line 1272
[03-Dec-2025 12:19:25 Asia/Kolkata] PHP Notice:  Undefined variable: isfirst in /home/u444388293/domains/sarsspl.com/public_html/Lead_Management/Loyaltician/clubfourpoints/MemberCreation_Process.php on line 1272
[03-Dec-2025 12:19:25 Asia/Kolkata] PHP Notice:  Undefined variable: isfirst in /home/u444388293/domains/sarsspl.com/public_html/Lead_Management/Loyaltician/clubfourpoints/MemberCreation_Process.php on line 1272
[03-Dec-2025 12:19:25 Asia/Kolkata] PHP Notice:  Undefined variable: isfirst in /home/u444388293/domains/sarsspl.com/public_html/Lead_Management/Loyaltician/clubfourpoints/MemberCreation_Process.php on line 1272
[03-Dec-2025 12:19:25 Asia/Kolkata] PHP Notice:  Undefined variable: isfirst in /home/u444388293/domains/sarsspl.com/public_html/Lead_Management/Loyaltician/clubfourpoints/MemberCreation_Process.php on line 1272
[03-Dec-2025 12:19:25 Asia/Kolkata] PHP Notice:  Undefined variable: isfirst in /home/u444388293/domains/sarsspl.com/public_html/Lead_Management/Loyaltician/clubfourpoints/MemberCreation_Process.php on line 1272
[03-Dec-2025 12:19:25 Asia/Kolkata] PHP Notice:  Undefined variable: isfirst in /home/u444388293/domains/sarsspl.com/public_html/Lead_Management/Loyaltician/clubfourpoints/MemberCreation_Process.php on line 1272
[03-Dec-2025 12:19:25 Asia/Kolkata] PHP Notice:  Undefined variable: isfirst in /home/u444388293/domains/sarsspl.com/public_html/Lead_Management/Loyaltician/clubfourpoints/MemberCreation_Process.php on line 1272
[03-Dec-2025 12:19:25 Asia/Kolkata] PHP Notice:  Undefined variable: isfirst in /home/u444388293/domains/sarsspl.com/public_html/Lead_Management/Loyaltician/clubfourpoints/MemberCreation_Process.php on line 1272
[03-Dec-2025 12:19:25 Asia/Kolkata] PHP Notice:  Undefined variable: isfirst in /home/u444388293/domains/sarsspl.com/public_html/Lead_Management/Loyaltician/clubfourpoints/MemberCreation_Process.php on line 1272
[03-Dec-2025 12:19:25 Asia/Kolkata] PHP Notice:  Undefined variable: isfirst in /home/u444388293/domains/sarsspl.com/public_html/Lead_Management/Loyaltician/clubfourpoints/MemberCreation_Process.php on line 1272
[03-Dec-2025 12:19:25 Asia/Kolkata] PHP Notice:  Undefined variable: isfirst in /home/u444388293/domains/sarsspl.com/public_html/Lead_Management/Loyaltician/clubfourpoints/MemberCreation_Process.php on line 1272
[03-Dec-2025 12:19:25 Asia/Kolkata] PHP Notice:  Undefined variable: isfirst in /home/u444388293/domains/sarsspl.com/public_html/Lead_Management/Loyaltician/clubfourpoints/MemberCreation_Process.php on line 1272
[03-Dec-2025 12:19:25 Asia/Kolkata] PHP Notice:  Undefined variable: isfirst in /home/u444388293/domains/sarsspl.com/public_html/Lead_Management/Loyaltician/clubfourpoints/MemberCreation_Process.php on line 1272
[03-Dec-2025 12:19:25 Asia/Kolkata] PHP Notice:  Undefined variable: isfirst in /home/u444388293/domains/sarsspl.com/public_html/Lead_Management/Loyaltician/clubfourpoints/MemberCreation_Process.php on line 1272
[03-Dec-2025 12:19:25 Asia/Kolkata] PHP Notice:  Undefined variable: isfirst in /home/u444388293/domains/sarsspl.com/public_html/Lead_Management/Loyaltician/clubfourpoints/MemberCreation_Process.php on line 1272
[03-Dec-2025 12:19:25 Asia/Kolkata] PHP Notice:  Undefined variable: isfirst in /home/u444388293/domains/sarsspl.com/public_html/Lead_Management/Loyaltician/clubfourpoints/MemberCreation_Process.php on line 1272
[03-Dec-2025 12:19:25 Asia/Kolkata] PHP Notice:  Undefined variable: htmtab1_body in /home/u444388293/domains/sarsspl.com/public_html/Lead_Management/Loyaltician/clubfourpoints/MemberCreation_Process.php on line 1571
[03-Dec-2025 12:19:25 Asia/Kolkata] PHP Notice:  Undefined variable: tbl_footer in /home/u444388293/domains/sarsspl.com/public_html/Lead_Management/Loyaltician/clubfourpoints/MemberCreation_Process.php on line 1571
[03-Dec-2025 12:19:56 Asia/Kolkata] PHP Warning:  chr() expects parameter 1 to be int, string given in /home/u444388293/domains/sarsspl.com/public_html/Lead_Management/Loyaltician/clubfourpoints/Leadpdf/generatepdf/TCPDF-master/include/tcpdf_fonts.php on line 1671
[03-Dec-2025 12:19:56 Asia/Kolkata] PHP Notice:  Undefined variable: MembershipDetails_Level in /home/u444388293/domains/sarsspl.com/public_html/Lead_Management/Loyaltician/clubfourpoints/MemberCreation_Process.php on line 263
[03-Dec-2025 12:19:56 Asia/Kolkata] PHP Notice:  Undefined variable: MembershipDetails_Level in /home/u444388293/domains/sarsspl.com/public_html/Lead_Management/Loyaltician/clubfourpoints/MemberCreation_Process.php on line 263
[03-Dec-2025 12:19:56 Asia/Kolkata] PHP Notice:  Undefined variable: htmtab1_body in /home/u444388293/domains/sarsspl.com/public_html/Lead_Management/Loyaltician/clubfourpoints/MemberCreation_Process.php on line 1571
[03-Dec-2025 12:19:56 Asia/Kolkata] PHP Notice:  Undefined variable: tbl_footer in /home/u444388293/domains/sarsspl.com/public_html/Lead_Management/Loyaltician/clubfourpoints/MemberCreation_Process.php on line 1571
[03-Dec-2025 12:21:56 Asia/Kolkata] PHP Notice:  Undefined variable: message1 in /home/u444388293/domains/sarsspl.com/public_html/Lead_Management/Loyaltician/clubfourpoints/MemberCreation_Process.php on line 2242
[03-Dec-2025 12:23:03 Asia/Kolkata] PHP Warning:  chr() expects parameter 1 to be int, string given in /home/u444388293/domains/sarsspl.com/public_html/Lead_Management/Loyaltician/clubfourpoints/Leadpdf/generatepdf/TCPDF-master/include/tcpdf_fonts.php on line 1671
[03-Dec-2025 12:23:03 Asia/Kolkata] PHP Notice:  Undefined variable: MembershipDetails_Level in /home/u444388293/domains/sarsspl.com/public_html/Lead_Management/Loyaltician/clubfourpoints/MemberCreation_Process.php on line 263
[03-Dec-2025 12:23:03 Asia/Kolkata] PHP Notice:  Undefined variable: MembershipDetails_Level in /home/u444388293/domains/sarsspl.com/public_html/Lead_Management/Loyaltician/clubfourpoints/MemberCreation_Process.php on line 263
[03-Dec-2025 12:23:03 Asia/Kolkata] PHP Notice:  Undefined variable: htmtab1_body in /home/u444388293/domains/sarsspl.com/public_html/Lead_Management/Loyaltician/clubfourpoints/MemberCreation_Process.php on line 1571
[03-Dec-2025 12:23:03 Asia/Kolkata] PHP Notice:  Undefined variable: tbl_footer in /home/u444388293/domains/sarsspl.com/public_html/Lead_Management/Loyaltician/clubfourpoints/MemberCreation_Process.php on line 1571
[03-Dec-2025 12:24:01 Asia/Kolkata] PHP Warning:  chr() expects parameter 1 to be int, string given in /home/u444388293/domains/sarsspl.com/public_html/Lead_Management/Loyaltician/clubfourpoints/Leadpdf/generatepdf/TCPDF-master/include/tcpdf_fonts.php on line 1671
[03-Dec-2025 12:24:01 Asia/Kolkata] PHP Notice:  Undefined variable: MembershipDetails_Level in /home/u444388293/domains/sarsspl.com/public_html/Lead_Management/Loyaltician/clubfourpoints/MemberCreation_Process.php on line 263
[03-Dec-2025 12:24:01 Asia/Kolkata] PHP Notice:  Undefined variable: MembershipDetails_Level in /home/u444388293/domains/sarsspl.com/public_html/Lead_Management/Loyaltician/clubfourpoints/MemberCreation_Process.php on line 263
[03-Dec-2025 12:24:01 Asia/Kolkata] PHP Notice:  Undefined variable: htmtab1_body in /home/u444388293/domains/sarsspl.com/public_html/Lead_Management/Loyaltician/clubfourpoints/MemberCreation_Process.php on line 1571
[03-Dec-2025 12:24:01 Asia/Kolkata] PHP Notice:  Undefined variable: tbl_footer in /home/u444388293/domains/sarsspl.com/public_html/Lead_Management/Loyaltician/clubfourpoints/MemberCreation_Process.php on line 1571
[03-Dec-2025 12:24:52 Asia/Kolkata] PHP Warning:  chr() expects parameter 1 to be int, string given in /home/u444388293/domains/sarsspl.com/public_html/Lead_Management/Loyaltician/clubfourpoints/Leadpdf/generatepdf/TCPDF-master/include/tcpdf_fonts.php on line 1671
[03-Dec-2025 12:24:52 Asia/Kolkata] PHP Notice:  Undefined variable: MembershipDetails_Level in /home/u444388293/domains/sarsspl.com/public_html/Lead_Management/Loyaltician/clubfourpoints/MemberCreation_Process.php on line 263
[03-Dec-2025 12:24:52 Asia/Kolkata] PHP Notice:  Undefined variable: MembershipDetails_Level in /home/u444388293/domains/sarsspl.com/public_html/Lead_Management/Loyaltician/clubfourpoints/MemberCreation_Process.php on line 263
[03-Dec-2025 12:24:52 Asia/Kolkata] PHP Notice:  Undefined variable: htmtab1_body in /home/u444388293/domains/sarsspl.com/public_html/Lead_Management/Loyaltician/clubfourpoints/MemberCreation_Process.php on line 1571
[03-Dec-2025 12:24:52 Asia/Kolkata] PHP Notice:  Undefined variable: tbl_footer in /home/u444388293/domains/sarsspl.com/public_html/Lead_Management/Loyaltician/clubfourpoints/MemberCreation_Process.php on line 1571
[03-Dec-2025 12:26:52 Asia/Kolkata] PHP Notice:  Undefined variable: message1 in /home/u444388293/domains/sarsspl.com/public_html/Lead_Management/Loyaltician/clubfourpoints/MemberCreation_Process.php on line 2242
